  MacroApp.NativeInterop -> C:\Users\Hayan\OneDrive\Desktop\MacroRecorder\src\MacroApp.NativeInterop\bin\Debug\net8.0-windows\MacroApp.NativeInterop.dll
  MacroApp.Scripting -> C:\Users\Hayan\OneDrive\Desktop\MacroRecorder\src\MacroApp.Scripting\bin\Debug\net8.0\MacroApp.Scripting.dll
C:\Users\Hayan\OneDrive\Desktop\MacroRecorder\src\MacroApp.Core\Serialization\MacroSerializer.cs(21,28): error CS0103: The name 'Path' does not exist in the current context [C:\Users\Hayan\OneDrive\Desktop\MacroRecorder\src\MacroApp.Core\MacroApp.Core.csproj]
C:\Users\Hayan\OneDrive\Desktop\MacroRecorder\src\MacroApp.Core\Serialization\MacroSerializer.cs(22,9): error CS0103: The name 'Directory' does not exist in the current context [C:\Users\Hayan\OneDrive\Desktop\MacroRecorder\src\MacroApp.Core\MacroApp.Core.csproj]
C:\Users\Hayan\OneDrive\Desktop\MacroRecorder\src\MacroApp.Core\Serialization\MacroSerializer.cs(24,27): error CS0103: The name 'Path' does not exist in the current context [C:\Users\Hayan\OneDrive\Desktop\MacroRecorder\src\MacroApp.Core\MacroApp.Core.csproj]
C:\Users\Hayan\OneDrive\Desktop\MacroRecorder\src\MacroApp.Core\Serialization\MacroSerializer.cs(29,43): error CS0246: The type or namespace name 'FileStream' could not be found (are you missing a using directive or an assembly reference?) [C:\Users\Hayan\OneDrive\Desktop\MacroRecorder\src\MacroApp.Core\MacroApp.Core.csproj]
C:\Users\Hayan\OneDrive\Desktop\MacroRecorder\src\MacroApp.Core\Serialization\MacroSerializer.cs(29,64): error CS0103: The name 'FileMode' does not exist in the current context [C:\Users\Hayan\OneDrive\Desktop\MacroRecorder\src\MacroApp.Core\MacroApp.Core.csproj]
C:\Users\Hayan\OneDrive\Desktop\MacroRecorder\src\MacroApp.Core\Serialization\MacroSerializer.cs(29,81): error CS0103: The name 'FileAccess' does not exist in the current context [C:\Users\Hayan\OneDrive\Desktop\MacroRecorder\src\MacroApp.Core\MacroApp.Core.csproj]
C:\Users\Hayan\OneDrive\Desktop\MacroRecorder\src\MacroApp.Core\Serialization\MacroSerializer.cs(29,99): error CS0103: The name 'FileShare' does not exist in the current context [C:\Users\Hayan\OneDrive\Desktop\MacroRecorder\src\MacroApp.Core\MacroApp.Core.csproj]
C:\Users\Hayan\OneDrive\Desktop\MacroRecorder\src\MacroApp.Core\Serialization\MacroSerializer.cs(35,13): error CS0103: The name 'File' does not exist in the current context [C:\Users\Hayan\OneDrive\Desktop\MacroRecorder\src\MacroApp.Core\MacroApp.Core.csproj]
C:\Users\Hayan\OneDrive\Desktop\MacroRecorder\src\MacroApp.Core\Serialization\MacroSerializer.cs(42,17): error CS0103: The name 'File' does not exist in the current context [C:\Users\Hayan\OneDrive\Desktop\MacroRecorder\src\MacroApp.Core\MacroApp.Core.csproj]
C:\Users\Hayan\OneDrive\Desktop\MacroRecorder\src\MacroApp.Core\Serialization\MacroSerializer.cs(43,17): error CS0103: The name 'File' does not exist in the current context [C:\Users\Hayan\OneDrive\Desktop\MacroRecorder\src\MacroApp.Core\MacroApp.Core.csproj]
C:\Users\Hayan\OneDrive\Desktop\MacroRecorder\src\MacroApp.Core\MacroManager.cs(43,9): error CS0103: The name 'Directory' does not exist in the current context [C:\Users\Hayan\OneDrive\Desktop\MacroRecorder\src\MacroApp.Core\MacroApp.Core.csproj]
C:\Users\Hayan\OneDrive\Desktop\MacroRecorder\src\MacroApp.Core\Serialization\MacroSerializer.cs(53,38): error CS0246: The type or namespace name 'FileStream' could not be found (are you missing a using directive or an assembly reference?) [C:\Users\Hayan\OneDrive\Desktop\MacroRecorder\src\MacroApp.Core\MacroApp.Core.csproj]
C:\Users\Hayan\OneDrive\Desktop\MacroRecorder\src\MacroApp.Core\Serialization\MacroSerializer.cs(53,59): error CS0103: The name 'FileMode' does not exist in the current context [C:\Users\Hayan\OneDrive\Desktop\MacroRecorder\src\MacroApp.Core\MacroApp.Core.csproj]
C:\Users\Hayan\OneDrive\Desktop\MacroRecorder\src\MacroApp.Core\Serialization\MacroSerializer.cs(53,74): error CS0103: The name 'FileAccess' does not exist in the current context [C:\Users\Hayan\OneDrive\Desktop\MacroRecorder\src\MacroApp.Core\MacroApp.Core.csproj]
C:\Users\Hayan\OneDrive\Desktop\MacroRecorder\src\MacroApp.Core\Serialization\MacroSerializer.cs(53,91): error CS0103: The name 'FileShare' does not exist in the current context [C:\Users\Hayan\OneDrive\Desktop\MacroRecorder\src\MacroApp.Core\MacroApp.Core.csproj]
C:\Users\Hayan\OneDrive\Desktop\MacroRecorder\src\MacroApp.Core\Serialization\MacroSerializer.cs(67,28): error CS0103: The name 'Path' does not exist in the current context [C:\Users\Hayan\OneDrive\Desktop\MacroRecorder\src\MacroApp.Core\MacroApp.Core.csproj]
C:\Users\Hayan\OneDrive\Desktop\MacroRecorder\src\MacroApp.Core\Serialization\MacroSerializer.cs(68,9): error CS0103: The name 'Directory' does not exist in the current context [C:\Users\Hayan\OneDrive\Desktop\MacroRecorder\src\MacroApp.Core\MacroApp.Core.csproj]
C:\Users\Hayan\OneDrive\Desktop\MacroRecorder\src\MacroApp.Core\MacroManager.cs(51,21): error CS0103: The name 'Directory' does not exist in the current context [C:\Users\Hayan\OneDrive\Desktop\MacroRecorder\src\MacroApp.Core\MacroApp.Core.csproj]
C:\Users\Hayan\OneDrive\Desktop\MacroRecorder\src\MacroApp.Core\MacroManager.cs(51,93): error CS0103: The name 'SearchOption' does not exist in the current context [C:\Users\Hayan\OneDrive\Desktop\MacroRecorder\src\MacroApp.Core\MacroApp.Core.csproj]
C:\Users\Hayan\OneDrive\Desktop\MacroRecorder\src\MacroApp.Core\MacroManager.cs(79,27): error CS0103: The name 'Path' does not exist in the current context [C:\Users\Hayan\OneDrive\Desktop\MacroRecorder\src\MacroApp.Core\MacroApp.Core.csproj]
C:\Users\Hayan\OneDrive\Desktop\MacroRecorder\src\MacroApp.Core\MacroManager.cs(94,30): error CS0103: The name 'Path' does not exist in the current context [C:\Users\Hayan\OneDrive\Desktop\MacroRecorder\src\MacroApp.Core\MacroApp.Core.csproj]
C:\Users\Hayan\OneDrive\Desktop\MacroRecorder\src\MacroApp.Core\MacroManager.cs(105,54): error CS0103: The name 'File' does not exist in the current context [C:\Users\Hayan\OneDrive\Desktop\MacroRecorder\src\MacroApp.Core\MacroApp.Core.csproj]
C:\Users\Hayan\OneDrive\Desktop\MacroRecorder\src\MacroApp.Core\MacroManager.cs(106,13): error CS0103: The name 'File' does not exist in the current context [C:\Users\Hayan\OneDrive\Desktop\MacroRecorder\src\MacroApp.Core\MacroApp.Core.csproj]
C:\Users\Hayan\OneDrive\Desktop\MacroRecorder\src\MacroApp.Core\MacroManager.cs(118,26): error CS0103: The name 'Path' does not exist in the current context [C:\Users\Hayan\OneDrive\Desktop\MacroRecorder\src\MacroApp.Core\MacroApp.Core.csproj]
C:\Users\Hayan\OneDrive\Desktop\MacroRecorder\src\MacroApp.Core\MacroManager.cs(174,27): error CS0103: The name 'Path' does not exist in the current context [C:\Users\Hayan\OneDrive\Desktop\MacroRecorder\src\MacroApp.Core\MacroApp.Core.csproj]
C:\Users\Hayan\OneDrive\Desktop\MacroRecorder\src\MacroApp.Core\MacroManager.cs(206,26): error CS0103: The name 'Path' does not exist in the current context [C:\Users\Hayan\OneDrive\Desktop\MacroRecorder\src\MacroApp.Core\MacroApp.Core.csproj]
C:\Users\Hayan\OneDrive\Desktop\MacroRecorder\src\MacroApp.Core\Serialization\MacroSerializer.cs(139,42): error CS0246: The type or namespace name 'InvalidDataException' could not be found (are you missing a using directive or an assembly reference?) [C:\Users\Hayan\OneDrive\Desktop\MacroRecorder\src\MacroApp.Core\MacroApp.Core.csproj]
C:\Users\Hayan\OneDrive\Desktop\MacroRecorder\src\MacroApp.Core\Recording\RecordingEngine.cs(152,43): error CS0103: The name 'File' does not exist in the current context [C:\Users\Hayan\OneDrive\Desktop\MacroRecorder\src\MacroApp.Core\MacroApp.Core.csproj]
C:\Users\Hayan\OneDrive\Desktop\MacroRecorder\src\MacroApp.Core\Recording\RecordingEngine.cs(154,19): error CS0103: The name 'File' does not exist in the current context [C:\Users\Hayan\OneDrive\Desktop\MacroRecorder\src\MacroApp.Core\MacroApp.Core.csproj]
C:\Users\Hayan\OneDrive\Desktop\MacroRecorder\src\MacroApp.Core\Recording\RecordingEngine.cs(323,30): error CS0103: The name 'Path' does not exist in the current context [C:\Users\Hayan\OneDrive\Desktop\MacroRecorder\src\MacroApp.Core\MacroApp.Core.csproj]
C:\Users\Hayan\OneDrive\Desktop\MacroRecorder\src\MacroApp.Core\Recording\RecordingEngine.cs(324,13): error CS0103: The name 'Path' does not exist in the current context [C:\Users\Hayan\OneDrive\Desktop\MacroRecorder\src\MacroApp.Core\MacroApp.Core.csproj]

Build FAILED.

C:\Users\Hayan\OneDrive\Desktop\MacroRecorder\src\MacroApp.Core\Serialization\MacroSerializer.cs(21,28): error CS0103: The name 'Path' does not exist in the current context [C:\Users\Hayan\OneDrive\Desktop\MacroRecorder\src\MacroApp.Core\MacroApp.Core.csproj]
C:\Users\Hayan\OneDrive\Desktop\MacroRecorder\src\MacroApp.Core\Serialization\MacroSerializer.cs(22,9): error CS0103: The name 'Directory' does not exist in the current context [C:\Users\Hayan\OneDrive\Desktop\MacroRecorder\src\MacroApp.Core\MacroApp.Core.csproj]
C:\Users\Hayan\OneDrive\Desktop\MacroRecorder\src\MacroApp.Core\Serialization\MacroSerializer.cs(24,27): error CS0103: The name 'Path' does not exist in the current context [C:\Users\Hayan\OneDrive\Desktop\MacroRecorder\src\MacroApp.Core\MacroApp.Core.csproj]
C:\Users\Hayan\OneDrive\Desktop\MacroRecorder\src\MacroApp.Core\Serialization\MacroSerializer.cs(29,43): error CS0246: The type or namespace name 'FileStream' could not be found (are you missing a using directive or an assembly reference?) [C:\Users\Hayan\OneDrive\Desktop\MacroRecorder\src\MacroApp.Core\MacroApp.Core.csproj]
C:\Users\Hayan\OneDrive\Desktop\MacroRecorder\src\MacroApp.Core\Serialization\MacroSerializer.cs(29,64): error CS0103: The name 'FileMode' does not exist in the current context [C:\Users\Hayan\OneDrive\Desktop\MacroRecorder\src\MacroApp.Core\MacroApp.Core.csproj]
C:\Users\Hayan\OneDrive\Desktop\MacroRecorder\src\MacroApp.Core\Serialization\MacroSerializer.cs(29,81): error CS0103: The name 'FileAccess' does not exist in the current context [C:\Users\Hayan\OneDrive\Desktop\MacroRecorder\src\MacroApp.Core\MacroApp.Core.csproj]
C:\Users\Hayan\OneDrive\Desktop\MacroRecorder\src\MacroApp.Core\Serialization\MacroSerializer.cs(29,99): error CS0103: The name 'FileShare' does not exist in the current context [C:\Users\Hayan\OneDrive\Desktop\MacroRecorder\src\MacroApp.Core\MacroApp.Core.csproj]
C:\Users\Hayan\OneDrive\Desktop\MacroRecorder\src\MacroApp.Core\Serialization\MacroSerializer.cs(35,13): error CS0103: The name 'File' does not exist in the current context [C:\Users\Hayan\OneDrive\Desktop\MacroRecorder\src\MacroApp.Core\MacroApp.Core.csproj]
C:\Users\Hayan\OneDrive\Desktop\MacroRecorder\src\MacroApp.Core\Serialization\MacroSerializer.cs(42,17): error CS0103: The name 'File' does not exist in the current context [C:\Users\Hayan\OneDrive\Desktop\MacroRecorder\src\MacroApp.Core\MacroApp.Core.csproj]
C:\Users\Hayan\OneDrive\Desktop\MacroRecorder\src\MacroApp.Core\Serialization\MacroSerializer.cs(43,17): error CS0103: The name 'File' does not exist in the current context [C:\Users\Hayan\OneDrive\Desktop\MacroRecorder\src\MacroApp.Core\MacroApp.Core.csproj]
C:\Users\Hayan\OneDrive\Desktop\MacroRecorder\src\MacroApp.Core\MacroManager.cs(43,9): error CS0103: The name 'Directory' does not exist in the current context [C:\Users\Hayan\OneDrive\Desktop\MacroRecorder\src\MacroApp.Core\MacroApp.Core.csproj]
C:\Users\Hayan\OneDrive\Desktop\MacroRecorder\src\MacroApp.Core\Serialization\MacroSerializer.cs(53,38): error CS0246: The type or namespace name 'FileStream' could not be found (are you missing a using directive or an assembly reference?) [C:\Users\Hayan\OneDrive\Desktop\MacroRecorder\src\MacroApp.Core\MacroApp.Core.csproj]
C:\Users\Hayan\OneDrive\Desktop\MacroRecorder\src\MacroApp.Core\Serialization\MacroSerializer.cs(53,59): error CS0103: The name 'FileMode' does not exist in the current context [C:\Users\Hayan\OneDrive\Desktop\MacroRecorder\src\MacroApp.Core\MacroApp.Core.csproj]
C:\Users\Hayan\OneDrive\Desktop\MacroRecorder\src\MacroApp.Core\Serialization\MacroSerializer.cs(53,74): error CS0103: The name 'FileAccess' does not exist in the current context [C:\Users\Hayan\OneDrive\Desktop\MacroRecorder\src\MacroApp.Core\MacroApp.Core.csproj]
C:\Users\Hayan\OneDrive\Desktop\MacroRecorder\src\MacroApp.Core\Serialization\MacroSerializer.cs(53,91): error CS0103: The name 'FileShare' does not exist in the current context [C:\Users\Hayan\OneDrive\Desktop\MacroRecorder\src\MacroApp.Core\MacroApp.Core.csproj]
C:\Users\Hayan\OneDrive\Desktop\MacroRecorder\src\MacroApp.Core\Serialization\MacroSerializer.cs(67,28): error CS0103: The name 'Path' does not exist in the current context [C:\Users\Hayan\OneDrive\Desktop\MacroRecorder\src\MacroApp.Core\MacroApp.Core.csproj]
C:\Users\Hayan\OneDrive\Desktop\MacroRecorder\src\MacroApp.Core\Serialization\MacroSerializer.cs(68,9): error CS0103: The name 'Directory' does not exist in the current context [C:\Users\Hayan\OneDrive\Desktop\MacroRecorder\src\MacroApp.Core\MacroApp.Core.csproj]
C:\Users\Hayan\OneDrive\Desktop\MacroRecorder\src\MacroApp.Core\MacroManager.cs(51,21): error CS0103: The name 'Directory' does not exist in the current context [C:\Users\Hayan\OneDrive\Desktop\MacroRecorder\src\MacroApp.Core\MacroApp.Core.csproj]
C:\Users\Hayan\OneDrive\Desktop\MacroRecorder\src\MacroApp.Core\MacroManager.cs(51,93): error CS0103: The name 'SearchOption' does not exist in the current context [C:\Users\Hayan\OneDrive\Desktop\MacroRecorder\src\MacroApp.Core\MacroApp.Core.csproj]
C:\Users\Hayan\OneDrive\Desktop\MacroRecorder\src\MacroApp.Core\MacroManager.cs(79,27): error CS0103: The name 'Path' does not exist in the current context [C:\Users\Hayan\OneDrive\Desktop\MacroRecorder\src\MacroApp.Core\MacroApp.Core.csproj]
C:\Users\Hayan\OneDrive\Desktop\MacroRecorder\src\MacroApp.Core\MacroManager.cs(94,30): error CS0103: The name 'Path' does not exist in the current context [C:\Users\Hayan\OneDrive\Desktop\MacroRecorder\src\MacroApp.Core\MacroApp.Core.csproj]
C:\Users\Hayan\OneDrive\Desktop\MacroRecorder\src\MacroApp.Core\MacroManager.cs(105,54): error CS0103: The name 'File' does not exist in the current context [C:\Users\Hayan\OneDrive\Desktop\MacroRecorder\src\MacroApp.Core\MacroApp.Core.csproj]
C:\Users\Hayan\OneDrive\Desktop\MacroRecorder\src\MacroApp.Core\MacroManager.cs(106,13): error CS0103: The name 'File' does not exist in the current context [C:\Users\Hayan\OneDrive\Desktop\MacroRecorder\src\MacroApp.Core\MacroApp.Core.csproj]
C:\Users\Hayan\OneDrive\Desktop\MacroRecorder\src\MacroApp.Core\MacroManager.cs(118,26): error CS0103: The name 'Path' does not exist in the current context [C:\Users\Hayan\OneDrive\Desktop\MacroRecorder\src\MacroApp.Core\MacroApp.Core.csproj]
C:\Users\Hayan\OneDrive\Desktop\MacroRecorder\src\MacroApp.Core\MacroManager.cs(174,27): error CS0103: The name 'Path' does not exist in the current context [C:\Users\Hayan\OneDrive\Desktop\MacroRecorder\src\MacroApp.Core\MacroApp.Core.csproj]
C:\Users\Hayan\OneDrive\Desktop\MacroRecorder\src\MacroApp.Core\MacroManager.cs(206,26): error CS0103: The name 'Path' does not exist in the current context [C:\Users\Hayan\OneDrive\Desktop\MacroRecorder\src\MacroApp.Core\MacroApp.Core.csproj]
C:\Users\Hayan\OneDrive\Desktop\MacroRecorder\src\MacroApp.Core\Serialization\MacroSerializer.cs(139,42): error CS0246: The type or namespace name 'InvalidDataException' could not be found (are you missing a using directive or an assembly reference?) [C:\Users\Hayan\OneDrive\Desktop\MacroRecorder\src\MacroApp.Core\MacroApp.Core.csproj]
C:\Users\Hayan\OneDrive\Desktop\MacroRecorder\src\MacroApp.Core\Recording\RecordingEngine.cs(152,43): error CS0103: The name 'File' does not exist in the current context [C:\Users\Hayan\OneDrive\Desktop\MacroRecorder\src\MacroApp.Core\MacroApp.Core.csproj]
C:\Users\Hayan\OneDrive\Desktop\MacroRecorder\src\MacroApp.Core\Recording\RecordingEngine.cs(154,19): error CS0103: The name 'File' does not exist in the current context [C:\Users\Hayan\OneDrive\Desktop\MacroRecorder\src\MacroApp.Core\MacroApp.Core.csproj]
C:\Users\Hayan\OneDrive\Desktop\MacroRecorder\src\MacroApp.Core\Recording\RecordingEngine.cs(323,30): error CS0103: The name 'Path' does not exist in the current context [C:\Users\Hayan\OneDrive\Desktop\MacroRecorder\src\MacroApp.Core\MacroApp.Core.csproj]
C:\Users\Hayan\OneDrive\Desktop\MacroRecorder\src\MacroApp.Core\Recording\RecordingEngine.cs(324,13): error CS0103: The name 'Path' does not exist in the current context [C:\Users\Hayan\OneDrive\Desktop\MacroRecorder\src\MacroApp.Core\MacroApp.Core.csproj]
    0 Warning(s)
    31 Error(s)

Time Elapsed 00:00:00.54
